// Jest Snapshot v1, https://goo.gl/fbAQLP

exports[`should match snapshot 1`] = `
Object {
  "asFragment": [Function],
  "baseElement": <body>
    <div>
      <div
        class="App"
      >
        <header>
          <h1>
            RESTy
          </h1>
        </header>
        <div
          class="main"
        >
          <form
            class=""
          >
            <div
              class="m-3"
            >
              <div
                class="input-group"
              >
                <span
                  class="input-group-text"
                >
                  URL
                </span>
                <input
                  class="form-control"
                  id="testFormUrlInput"
                  placeholder="https://example.com"
                  required=""
                  type="url"
                  value=""
                />
                <button
                  class="btn btn-outline-primary"
                  type="button"
                >
                  Submit
                </button>
              </div>
            </div>
            <div
              class="mb-2 btn-group-vertical"
              role="group"
            >
              <input
                autocomplete="off"
                checked=""
                class="btn-check"
                id="radio-0"
                name="radio"
                type="radio"
                value="GET"
              />
              <label
                class="btn btn-outline-primary"
                for="radio-0"
                role="button"
                tabindex="0"
              >
                GET
              </label>
              <input
                autocomplete="off"
                class="btn-check"
                id="radio-1"
                name="radio"
                type="radio"
                value="POST"
              />
              <label
                class="btn btn-outline-primary"
                for="radio-1"
                role="button"
                tabindex="0"
              >
                POST
              </label>
              <input
                autocomplete="off"
                class="btn-check"
                id="radio-2"
                name="radio"
                type="radio"
                value="PUT"
              />
              <label
                class="btn btn-outline-primary"
                for="radio-2"
                role="button"
                tabindex="0"
              >
                PUT
              </label>
              <input
                autocomplete="off"
                class="btn-check"
                id="radio-3"
                name="radio"
                type="radio"
                value="PATCH"
              />
              <label
                class="btn btn-outline-primary"
                for="radio-3"
                role="button"
                tabindex="0"
              >
                PATCH
              </label>
              <input
                autocomplete="off"
                class="btn-check"
                id="radio-4"
                name="radio"
                type="radio"
                value="DELETE"
              />
              <label
                class="btn btn-outline-primary"
                for="radio-4"
                role="button"
                tabindex="0"
              >
                DELETE
              </label>
            </div>
          </form>
          <section>
            <pre
              id="results"
            />
          </section>
        </div>
        <footer
          id="footer"
        >
          © 2021
        </footer>
      </div>
    </div>
  </body>,
  "container": <div>
    <div
      class="App"
    >
      <header>
        <h1>
          RESTy
        </h1>
      </header>
      <div
        class="main"
      >
        <form
          class=""
        >
          <div
            class="m-3"
          >
            <div
              class="input-group"
            >
              <span
                class="input-group-text"
              >
                URL
              </span>
              <input
                class="form-control"
                id="testFormUrlInput"
                placeholder="https://example.com"
                required=""
                type="url"
                value=""
              />
              <button
                class="btn btn-outline-primary"
                type="button"
              >
                Submit
              </button>
            </div>
          </div>
          <div
            class="mb-2 btn-group-vertical"
            role="group"
          >
            <input
              autocomplete="off"
              checked=""
              class="btn-check"
              id="radio-0"
              name="radio"
              type="radio"
              value="GET"
            />
            <label
              class="btn btn-outline-primary"
              for="radio-0"
              role="button"
              tabindex="0"
            >
              GET
            </label>
            <input
              autocomplete="off"
              class="btn-check"
              id="radio-1"
              name="radio"
              type="radio"
              value="POST"
            />
            <label
              class="btn btn-outline-primary"
              for="radio-1"
              role="button"
              tabindex="0"
            >
              POST
            </label>
            <input
              autocomplete="off"
              class="btn-check"
              id="radio-2"
              name="radio"
              type="radio"
              value="PUT"
            />
            <label
              class="btn btn-outline-primary"
              for="radio-2"
              role="button"
              tabindex="0"
            >
              PUT
            </label>
            <input
              autocomplete="off"
              class="btn-check"
              id="radio-3"
              name="radio"
              type="radio"
              value="PATCH"
            />
            <label
              class="btn btn-outline-primary"
              for="radio-3"
              role="button"
              tabindex="0"
            >
              PATCH
            </label>
            <input
              autocomplete="off"
              class="btn-check"
              id="radio-4"
              name="radio"
              type="radio"
              value="DELETE"
            />
            <label
              class="btn btn-outline-primary"
              for="radio-4"
              role="button"
              tabindex="0"
            >
              DELETE
            </label>
          </div>
        </form>
        <section>
          <pre
            id="results"
          />
        </section>
      </div>
      <footer
        id="footer"
      >
        © 2021
      </footer>
    </div>
  </div>,
  "debug": [Function],
  "findAllByAltText": [Function],
  "findAllByDisplayValue": [Function],
  "findAllByLabelText": [Function],
  "findAllByPlaceholderText": [Function],
  "findAllByRole": [Function],
  "findAllByTestId": [Function],
  "findAllByText": [Function],
  "findAllByTitle": [Function],
  "findByAltText": [Function],
  "findByDisplayValue": [Function],
  "findByLabelText": [Function],
  "findByPlaceholderText": [Function],
  "findByRole": [Function],
  "findByTestId": [Function],
  "findByText": [Function],
  "findByTitle": [Function],
  "getAllByAltText": [Function],
  "getAllByDisplayValue": [Function],
  "getAllByLabelText": [Function],
  "getAllByPlaceholderText": [Function],
  "getAllByRole": [Function],
  "getAllByTestId": [Function],
  "getAllByText": [Function],
  "getAllByTitle": [Function],
  "getByAltText": [Function],
  "getByDisplayValue": [Function],
  "getByLabelText": [Function],
  "getByPlaceholderText": [Function],
  "getByRole": [Function],
  "getByTestId": [Function],
  "getByText": [Function],
  "getByTitle": [Function],
  "queryAllByAltText": [Function],
  "queryAllByDisplayValue": [Function],
  "queryAllByLabelText": [Function],
  "queryAllByPlaceholderText": [Function],
  "queryAllByRole": [Function],
  "queryAllByTestId": [Function],
  "queryAllByText": [Function],
  "queryAllByTitle": [Function],
  "queryByAltText": [Function],
  "queryByDisplayValue": [Function],
  "queryByLabelText": [Function],
  "queryByPlaceholderText": [Function],
  "queryByRole": [Function],
  "queryByTestId": [Function],
  "queryByText": [Function],
  "queryByTitle": [Function],
  "rerender": [Function],
  "unmount": [Function],
}
`;
